Archive member included to satisfy reference by file (symbol)

c:/st/stm32cubeide_1.0.1/stm32cubeide/plugins/com.st.stm32cube.ide.mcu.externaltools.gnu-tools-for-stm32.7-2018-q2-update.win32_1.0.0.201904181610/tools/bin/../lib/gcc/arm-none-eabi/7.3.1/../../../../arm-none-eabi/lib/thumb/v7e-m/fpv4-sp/hard\libc.a(lib_a-errno.o)
                              Core/Src/syscalls.o (__errno)
c:/st/stm32cubeide_1.0.1/stm32cubeide/plugins/com.st.stm32cube.ide.mcu.externaltools.gnu-tools-for-stm32.7-2018-q2-update.win32_1.0.0.201904181610/tools/bin/../lib/gcc/arm-none-eabi/7.3.1/../../../../arm-none-eabi/lib/thumb/v7e-m/fpv4-sp/hard\libc.a(lib_a-exit.o)
                              c:/st/stm32cubeide_1.0.1/stm32cubeide/plugins/com.st.stm32cube.ide.mcu.externaltools.gnu-tools-for-stm32.7-2018-q2-update.win32_1.0.0.201904181610/tools/bin/../lib/gcc/arm-none-eabi/7.3.1/../../../../arm-none-eabi/lib/thumb/v7e-m/fpv4-sp/hard/crt0.o (exit)
c:/st/stm32cubeide_1.0.1/stm32cubeide/plugins/com.st.stm32cube.ide.mcu.externaltools.gnu-tools-for-stm32.7-2018-q2-update.win32_1.0.0.201904181610/tools/bin/../lib/gcc/arm-none-eabi/7.3.1/../../../../arm-none-eabi/lib/thumb/v7e-m/fpv4-sp/hard\libc.a(lib_a-impure.o)
                              c:/st/stm32cubeide_1.0.1/stm32cubeide/plugins/com.st.stm32cube.ide.mcu.externaltools.gnu-tools-for-stm32.7-2018-q2-update.win32_1.0.0.201904181610/tools/bin/../lib/gcc/arm-none-eabi/7.3.1/../../../../arm-none-eabi/lib/thumb/v7e-m/fpv4-sp/hard\libc.a(lib_a-exit.o) (_global_impure_ptr)
c:/st/stm32cubeide_1.0.1/stm32cubeide/plugins/com.st.stm32cube.ide.mcu.externaltools.gnu-tools-for-stm32.7-2018-q2-update.win32_1.0.0.201904181610/tools/bin/../lib/gcc/arm-none-eabi/7.3.1/../../../../arm-none-eabi/lib/thumb/v7e-m/fpv4-sp/hard\libc.a(lib_a-init.o)
                              c:/st/stm32cubeide_1.0.1/stm32cubeide/plugins/com.st.stm32cube.ide.mcu.externaltools.gnu-tools-for-stm32.7-2018-q2-update.win32_1.0.0.201904181610/tools/bin/../lib/gcc/arm-none-eabi/7.3.1/../../../../arm-none-eabi/lib/thumb/v7e-m/fpv4-sp/hard/crt0.o (__libc_init_array)
c:/st/stm32cubeide_1.0.1/stm32cubeide/plugins/com.st.stm32cube.ide.mcu.externaltools.gnu-tools-for-stm32.7-2018-q2-update.win32_1.0.0.201904181610/tools/bin/../lib/gcc/arm-none-eabi/7.3.1/../../../../arm-none-eabi/lib/thumb/v7e-m/fpv4-sp/hard\libc.a(lib_a-memcpy-stub.o)
                              Middlewares/FreeRTOS/Source/queue.o (memcpy)
c:/st/stm32cubeide_1.0.1/stm32cubeide/plugins/com.st.stm32cube.ide.mcu.externaltools.gnu-tools-for-stm32.7-2018-q2-update.win32_1.0.0.201904181610/tools/bin/../lib/gcc/arm-none-eabi/7.3.1/../../../../arm-none-eabi/lib/thumb/v7e-m/fpv4-sp/hard\libc.a(lib_a-memset.o)
                              c:/st/stm32cubeide_1.0.1/stm32cubeide/plugins/com.st.stm32cube.ide.mcu.externaltools.gnu-tools-for-stm32.7-2018-q2-update.win32_1.0.0.201904181610/tools/bin/../lib/gcc/arm-none-eabi/7.3.1/../../../../arm-none-eabi/lib/thumb/v7e-m/fpv4-sp/hard/crt0.o (memset)
c:/st/stm32cubeide_1.0.1/stm32cubeide/plugins/com.st.stm32cube.ide.mcu.externaltools.gnu-tools-for-stm32.7-2018-q2-update.win32_1.0.0.201904181610/tools/bin/../lib/gcc/arm-none-eabi/7.3.1/../../../../arm-none-eabi/lib/thumb/v7e-m/fpv4-sp/hard\libc.a(lib_a-__call_atexit.o)
                              c:/st/stm32cubeide_1.0.1/stm32cubeide/plugins/com.st.stm32cube.ide.mcu.externaltools.gnu-tools-for-stm32.7-2018-q2-update.win32_1.0.0.201904181610/tools/bin/../lib/gcc/arm-none-eabi/7.3.1/../../../../arm-none-eabi/lib/thumb/v7e-m/fpv4-sp/hard\libc.a(lib_a-exit.o) (__call_exitprocs)
c:/st/stm32cubeide_1.0.1/stm32cubeide/plugins/com.st.stm32cube.ide.mcu.externaltools.gnu-tools-for-stm32.7-2018-q2-update.win32_1.0.0.201904181610/tools/bin/../lib/gcc/arm-none-eabi/7.3.1/../../../../arm-none-eabi/lib/thumb/v7e-m/fpv4-sp/hard\libc.a(lib_a-atexit.o)
                              c:/st/stm32cubeide_1.0.1/stm32cubeide/plugins/com.st.stm32cube.ide.mcu.externaltools.gnu-tools-for-stm32.7-2018-q2-update.win32_1.0.0.201904181610/tools/bin/../lib/gcc/arm-none-eabi/7.3.1/../../../../arm-none-eabi/lib/thumb/v7e-m/fpv4-sp/hard\libc.a(lib_a-__call_atexit.o) (atexit)
c:/st/stm32cubeide_1.0.1/stm32cubeide/plugins/com.st.stm32cube.ide.mcu.externaltools.gnu-tools-for-stm32.7-2018-q2-update.win32_1.0.0.201904181610/tools/bin/../lib/gcc/arm-none-eabi/7.3.1/../../../../arm-none-eabi/lib/thumb/v7e-m/fpv4-sp/hard\libc.a(lib_a-fini.o)
                              c:/st/stm32cubeide_1.0.1/stm32cubeide/plugins/com.st.stm32cube.ide.mcu.externaltools.gnu-tools-for-stm32.7-2018-q2-update.win32_1.0.0.201904181610/tools/bin/../lib/gcc/arm-none-eabi/7.3.1/../../../../arm-none-eabi/lib/thumb/v7e-m/fpv4-sp/hard\libc.a(lib_a-__call_atexit.o) (__libc_fini_array)
c:/st/stm32cubeide_1.0.1/stm32cubeide/plugins/com.st.stm32cube.ide.mcu.externaltools.gnu-tools-for-stm32.7-2018-q2-update.win32_1.0.0.201904181610/tools/bin/../lib/gcc/arm-none-eabi/7.3.1/../../../../arm-none-eabi/lib/thumb/v7e-m/fpv4-sp/hard\libc.a(lib_a-lock.o)
[...]
Memory Configuration

Name             Origin             Length             Attributes
CCMRAM           0x0000000010000000 0x0000000000010000 xrw
RAM              0x0000000020000000 0x0000000000020000 xrw
FLASH            0x0000000008000000 0x0000000000100000 xr
*default*        0x0000000000000000 0xffffffffffffffff

Linker script and memory map

LOAD c:/st/stm32cubeide_1.0.1/stm32cubeide/plugins/com.st.stm32cube.ide.mcu.externaltools.gnu-tools-for-stm32.7-2018-q2-update.win32_1.0.0.201904181610/tools/bin/../lib/gcc/arm-none-eabi/7.3.1/thumb/v7e-m/fpv4-sp/hard/crti.o
LOAD c:/st/stm32cubeide_1.0.1/stm32cubeide/plugins/com.st.stm32cube.ide.mcu.externaltools.gnu-tools-for-stm32.7-2018-q2-update.win32_1.0.0.201904181610/tools/bin/../lib/gcc/arm-none-eabi/7.3.1/thumb/v7e-m/fpv4-sp/hard/crtbegin.o
LOAD c:/st/stm32cubeide_1.0.1/stm32cubeide/plugins/com.st.stm32cube.ide.mcu.externaltools.gnu-tools-for-stm32.7-2018-q2-update.win32_1.0.0.201904181610/tools/bin/../lib/gcc/arm-none-eabi/7.3.1/../../../../arm-none-eabi/lib/thumb/v7e-m/fpv4-sp/hard/crt0.o
LOAD Core/Src/main.o
LOAD Core/Src/stm32f4xx_hal_msp.o
LOAD Core/Src/stm32f4xx_it.o
LOAD Core/Src/syscalls.o
LOAD Core/Src/sysmem.o
LOAD Core/Src/system_stm32f4xx.o
LOAD Core/Startup/startup_stm32f407vgtx.o
LOAD Drivers/STM32F4xx_HAL_Driver/Src/stm32f4xx_hal.o
LOAD Drivers/STM32F4xx_HAL_Driver/Src/stm32f4xx_hal_cortex.o
LOAD Drivers/STM32F4xx_HAL_Driver/Src/stm32f4xx_hal_dma.o
LOAD Drivers/STM32F4xx_HAL_Driver/Src/stm32f4xx_hal_dma_ex.o
LOAD Drivers/STM32F4xx_HAL_Driver/Src/stm32f4xx_hal_exti.o
LOAD Drivers/STM32F4xx_HAL_Driver/Src/stm32f4xx_hal_flash.o
LOAD Drivers/STM32F4xx_HAL_Driver/Src/stm32f4xx_hal_flash_ex.o
LOAD Drivers/STM32F4xx_HAL_Driver/Src/stm32f4xx_hal_flash_ramfunc.o
LOAD Drivers/STM32F4xx_HAL_Driver/Src/stm32f4xx_hal_gpio.o
LOAD Drivers/STM32F4xx_HAL_Driver/Src/stm32f4xx_hal_pwr.o
LOAD Drivers/STM32F4xx_HAL_Driver/Src/stm32f4xx_hal_pwr_ex.o
LOAD Drivers/STM32F4xx_HAL_Driver/Src/stm32f4xx_hal_rcc.o
LOAD Drivers/STM32F4xx_HAL_Driver/Src/stm32f4xx_hal_rcc_ex.o
LOAD Drivers/STM32F4xx_HAL_Driver/Src/stm32f4xx_hal_tim.o
LOAD Drivers/STM32F4xx_HAL_Driver/Src/stm32f4xx_hal_tim_ex.o
LOAD Middlewares/FreeRTOS/Source/croutine.o
LOAD Middlewares/FreeRTOS/Source/event_groups.o
LOAD Middlewares/FreeRTOS/Source/list.o
LOAD Middlewares/FreeRTOS/Source/queue.o
LOAD Middlewares/FreeRTOS/Source/stream_buffer.o
LOAD Middlewares/FreeRTOS/Source/tasks.o
LOAD Middlewares/FreeRTOS/Source/timers.o
LOAD Middlewares/FreeRTOS/Source/portable/GCC/ARM_CM4F/port.o
LOAD Middlewares/FreeRTOS/Source/portable/MemMang/heap_4.o
LOAD System/Debugging/Src/error.o
LOAD System/Debugging/Src/exceptions.o
LOAD System/Debugging/Src/performance.o
LOAD System/Runtime/Src/os_starter.o
LOAD System/Runtime/Src/t_init.o
LOAD Wrappers/Src/mw_uart.o
START GROUP
LOAD c:/st/stm32cubeide_1.0.1/stm32cubeide/plugins/com.st.stm32cube.ide.mcu.externaltools.gnu-tools-for-stm32.7-2018-q2-update.win32_1.0.0.201904181610/tools/bin/../lib/gcc/arm-none-eabi/7.3.1/../../../../arm-none-eabi/lib/thumb/v7e-m/fpv4-sp/hard\libc.a
LOAD c:/st/stm32cubeide_1.0.1/stm32cubeide/plugins/com.st.stm32cube.ide.mcu.externaltools.gnu-tools-for-stm32.7-2018-q2-update.win32_1.0.0.201904181610/tools/bin/../lib/gcc/arm-none-eabi/7.3.1/../../../../arm-none-eabi/lib/thumb/v7e-m/fpv4-sp/hard\libm.a
END GROUP
START GROUP
LOAD c:/st/stm32cubeide_1.0.1/stm32cubeide/plugins/com.st.stm32cube.ide.mcu.externaltools.gnu-tools-for-stm32.7-2018-q2-update.win32_1.0.0.201904181610/tools/bin/../lib/gcc/arm-none-eabi/7.3.1/thumb/v7e-m/fpv4-sp/hard\libgcc.a
LOAD c:/st/stm32cubeide_1.0.1/stm32cubeide/plugins/com.st.stm32cube.ide.mcu.externaltools.gnu-tools-for-stm32.7-2018-q2-update.win32_1.0.0.201904181610/tools/bin/../lib/gcc/arm-none-eabi/7.3.1/../../../../arm-none-eabi/lib/thumb/v7e-m/fpv4-sp/hard\libc.a
END GROUP
START GROUP
LOAD c:/st/stm32cubeide_1.0.1/stm32cubeide/plugins/com.st.stm32cube.ide.mcu.externaltools.gnu-tools-for-stm32.7-2018-q2-update.win32_1.0.0.201904181610/tools/bin/../lib/gcc/arm-none-eabi/7.3.1/thumb/v7e-m/fpv4-sp/hard\libgcc.a
LOAD c:/st/stm32cubeide_1.0.1/stm32cubeide/plugins/com.st.stm32cube.ide.mcu.externaltools.gnu-tools-for-stm32.7-2018-q2-update.win32_1.0.0.201904181610/tools/bin/../lib/gcc/arm-none-eabi/7.3.1/../../../../arm-none-eabi/lib/thumb/v7e-m/fpv4-sp/hard\libc.a
LOAD c:/st/stm32cubeide_1.0.1/stm32cubeide/plugins/com.st.stm32cube.ide.mcu.externaltools.gnu-tools-for-stm32.7-2018-q2-update.win32_1.0.0.201904181610/tools/bin/../lib/gcc/arm-none-eabi/7.3.1/../../../../arm-none-eabi/lib/thumb/v7e-m/fpv4-sp/hard\libnosys.a
END GROUP
LOAD c:/st/stm32cubeide_1.0.1/stm32cubeide/plugins/com.st.stm32cube.ide.mcu.externaltools.gnu-tools-for-stm32.7-2018-q2-update.win32_1.0.0.201904181610/tools/bin/../lib/gcc/arm-none-eabi/7.3.1/thumb/v7e-m/fpv4-sp/hard/crtend.o
LOAD c:/st/stm32cubeide_1.0.1/stm32cubeide/plugins/com.st.stm32cube.ide.mcu.externaltools.gnu-tools-for-stm32.7-2018-q2-update.win32_1.0.0.201904181610/tools/bin/../lib/gcc/arm-none-eabi/7.3.1/thumb/v7e-m/fpv4-sp/hard/crtn.o
                0x0000000020020000                _estack = (ORIGIN (RAM) + LENGTH (RAM))
                0x0000000000000200                _Min_Heap_Size = 0x200
                0x0000000000000400                _Min_Stack_Size = 0x400

.isr_vector     0x0000000008000000      0x188
                0x0000000008000000                . = ALIGN (0x4)
 *(.isr_vector)
 .isr_vector    0x0000000008000000      0x188 Core/Startup/startup_stm32f407vgtx.o
                0x0000000008000000                g_pfnVectors
                0x0000000008000188                . = ALIGN (0x4)

.text           0x0000000008000190     0x12b0
                0x0000000008000190                . = ALIGN (0x4)
 *(.text)
 .text          0x0000000008000190       0x40 c:/st/stm32cubeide_1.0.1/stm32cubeide/plugins/com.st.stm32cube.ide.mcu.externaltools.gnu-tools-for-stm32.7-2018-q2-update.win32_1.0.0.201904181610/tools/bin/../lib/gcc/arm-none-eabi/7.3.1/thumb/v7e-m/fpv4-sp/hard/crtbegin.o
 *(.text*)
 .text.main     0x00000000080001d0        0xc Core/Src/main.o
                0x00000000080001d0                main
 .text.HAL_MspInit
                0x00000000080001dc       0x38 Core/Src/stm32f4xx_hal_msp.o
                0x00000000080001dc                HAL_MspInit
 .text.NMI_Handler
                0x0000000008000214        0x2 Core/Src/stm32f4xx_it.o
                0x0000000008000214                NMI_Handler
 .text.HardFault_Handler
                0x0000000008000216        0x2 Core/Src/stm32f4xx_it.o
                0x0000000008000216                HardFault_Handler
 .text.MemManage_Handler
                0x0000000008000218        0x2 Core/Src/stm32f4xx_it.o
                0x0000000008000218                MemManage_Handler
 .text.BusFault_Handler
                0x000000000800021a        0x2 Core/Src/stm32f4xx_it.o
                0x000000000800021a                BusFault_Handler
 .text.UsageFault_Handler
                0x000000000800021c        0x2 Core/Src/stm32f4xx_it.o
                0x000000000800021c                UsageFault_Handler
 .text.DebugMon_Handler
                0x000000000800021e        0x2 Core/Src/stm32f4xx_it.o
                0x000000000800021e                DebugMon_Handler
 .text.SystemInit
                0x0000000008000220       0x1c Core/Src/system_stm32f4xx.o
                0x0000000008000220                SystemInit
 .text.Reset_Handler
                0x000000000800023c       0x50 Core/Startup/startup_stm32f407vgtx.o
                0x000000000800023c                Reset_Handler
 .text.Default_Handler
                0x000000000800028c        0x2 Core/Startup/startup_stm32f407vgtx.o
                0x000000000800028c                RTC_Alarm_IRQHandler
                0x000000000800028c                HASH_RNG_IRQHandler
                0x000000000800028c                EXTI2_IRQHandler
                0x000000000800028c                TIM8_CC_IRQHandler
                0x000000000800028c                TIM1_CC_IRQHandler
                0x000000000800028c                DMA2_Stream5_IRQHandler
                0x000000000800028c                DMA1_Stream5_IRQHandler
                0x000000000800028c                PVD_IRQHandler
                0x000000000800028c                SDIO_IRQHandler
                0x000000000800028c                TAMP_STAMP_IRQHandler
                0x000000000800028c                CAN2_RX1_IRQHandler
                0x000000000800028c                EXTI3_IRQHandler
                0x000000000800028c                TIM8_TRG_COM_TIM14_IRQHandler
                0x000000000800028c                TIM1_UP_TIM10_IRQHandler
                0x000000000800028c                TIM8_UP_TIM13_IRQHandler
                0x000000000800028c                I2C3_ER_IRQHandler
                0x000000000800028c                EXTI0_IRQHandler
                0x000000000800028c                I2C2_EV_IRQHandler
                0x000000000800028c                DMA1_Stream2_IRQHandler
                0x000000000800028c                CAN1_RX0_IRQHandler
                0x000000000800028c                FPU_IRQHandler
                0x000000000800028c                OTG_HS_WKUP_IRQHandler
                0x000000000800028c                CAN2_SCE_IRQHandler
                0x000000000800028c                DMA2_Stream2_IRQHandler
                0x000000000800028c                SPI1_IRQHandler
                0x000000000800028c                TIM6_DAC_IRQHandler
                0x000000000800028c                TIM1_BRK_TIM9_IRQHandler
                0x000000000800028c                DCMI_IRQHandler
                0x000000000800028c                CAN2_RX0_IRQHandler
                0x000000000800028c                DMA2_Stream3_IRQHandler
                0x000000000800028c                USART6_IRQHandler
                0x000000000800028c                USART3_IRQHandler
                0x000000000800028c                CAN1_RX1_IRQHandler
                0x000000000800028c                UART5_IRQHandler
                0x000000000800028c                DMA2_Stream0_IRQHandler
                0x000000000800028c                TIM4_IRQHandler
                0x000000000800028c                I2C1_EV_IRQHandler
                0x000000000800028c                DMA1_Stream6_IRQHandler
                0x000000000800028c                DMA1_Stream1_IRQHandler
                0x000000000800028c                UART4_IRQHandler
                0x000000000800028c                TIM3_IRQHandler
                0x000000000800028c                RCC_IRQHandler
                0x000000000800028c                TIM8_BRK_TIM12_IRQHandler
                0x000000000800028c                Default_Handler
                0x000000000800028c                EXTI15_10_IRQHandler
                0x000000000800028c                ADC_IRQHandler
                0x000000000800028c                DMA1_Stream7_IRQHandler
                0x000000000800028c                TIM7_IRQHandler
                0x000000000800028c                CAN2_TX_IRQHandler
                0x000000000800028c                TIM5_IRQHandler
                0x000000000800028c                DMA2_Stream7_IRQHandler
                0x000000000800028c                I2C3_EV_IRQHandler
                0x000000000800028c                EXTI9_5_IRQHandler
                0x000000000800028c                RTC_WKUP_IRQHandler
                0x000000000800028c                ETH_WKUP_IRQHandler
                0x000000000800028c                SPI2_IRQHandler
                0x000000000800028c                OTG_HS_EP1_IN_IRQHandler
                0x000000000800028c                DMA1_Stream0_IRQHandler
                0x000000000800028c                CAN1_TX_IRQHandler
                0x000000000800028c                EXTI4_IRQHandler
                0x000000000800028c                FSMC_IRQHandler
                0x000000000800028c                ETH_IRQHandler
                0x000000000800028c                OTG_HS_EP1_OUT_IRQHandler
                0x000000000800028c                WWDG_IRQHandler
                0x000000000800028c                TIM2_IRQHandler
                0x000000000800028c                OTG_FS_WKUP_IRQHandler
                0x000000000800028c                TIM1_TRG_COM_TIM11_IRQHandler
                0x000000000800028c                OTG_HS_IRQHandler
                0x000000000800028c                EXTI1_IRQHandler
                0x000000000800028c                USART2_IRQHandler
                0x000000000800028c                I2C2_ER_IRQHandler
                0x000000000800028c                DMA2_Stream1_IRQHandler
                0x000000000800028c                CAN1_SCE_IRQHandler
                0x000000000800028c                FLASH_IRQHandler
                0x000000000800028c                DMA2_Stream4_IRQHandler
                0x000000000800028c                USART1_IRQHandler
                0x000000000800028c                OTG_FS_IRQHandler
                0x000000000800028c                SPI3_IRQHandler
                0x000000000800028c                DMA1_Stream4_IRQHandler
                0x000000000800028c                I2C1_ER_IRQHandler
                0x000000000800028c                DMA2_Stream6_IRQHandler
                0x000000000800028c                DMA1_Stream3_IRQHandler
 *fill*         0x000000000800028e        0x2 
 .text.HAL_InitTick
                0x0000000008000290       0x4c Drivers/STM32F4xx_HAL_Driver/Src/stm32f4xx_hal.o
                0x0000000008000290                HAL_InitTick
 .text.HAL_Init
                0x00000000080002dc       0x34 Drivers/STM32F4xx_HAL_Driver/Src/stm32f4xx_hal.o
                0x00000000080002dc                HAL_Init
 .text.HAL_NVIC_SetPriorityGrouping
                0x0000000008000310       0x24 Drivers/STM32F4xx_HAL_Driver/Src/stm32f4xx_hal_cortex.o
                0x0000000008000310                HAL_NVIC_SetPriorityGrouping
 .text.HAL_NVIC_SetPriority
                0x0000000008000334       0x68 Drivers/STM32F4xx_HAL_Driver/Src/stm32f4xx_hal_cortex.o
                0x0000000008000334                HAL_NVIC_SetPriority
 .text.HAL_SYSTICK_Config
                0x000000000800039c       0x2c Drivers/STM32F4xx_HAL_Driver/Src/stm32f4xx_hal_cortex.o
                0x000000000800039c                HAL_SYSTICK_Config
 .text.HAL_TIM_Base_MspInit
                0x00000000080003c8        0x2 Drivers/STM32F4xx_HAL_Driver/Src/stm32f4xx_hal_tim.o
                0x00000000080003c8                HAL_TIM_Base_MspInit
 .text.HAL_TIM_Base_Start
                0x00000000080003ca       0x24 Drivers/STM32F4xx_HAL_Driver/Src/stm32f4xx_hal_tim.o
                0x00000000080003ca                HAL_TIM_Base_Start
 *fill*         0x00000000080003ee        0x2 
 .text.TIM_Base_SetConfig
                0x00000000080003f0       0xc8 Drivers/STM32F4xx_HAL_Driver/Src/stm32f4xx_hal_tim.o
                0x00000000080003f0                TIM_Base_SetConfig
 .text.HAL_TIM_Base_Init
                0x00000000080004b8       0x32 Drivers/STM32F4xx_HAL_Driver/Src/stm32f4xx_hal_tim.o
                0x00000000080004b8                HAL_TIM_Base_Init
 .text.vListInitialise
                0x00000000080004ea       0x16 Middlewares/FreeRTOS/Source/list.o
                0x00000000080004ea                vListInitialise
 .text.vListInitialiseItem
                0x0000000008000500        0x6 Middlewares/FreeRTOS/Source/list.o
                0x0000000008000500                vListInitialiseItem
 .text.vListInsertEnd
                0x0000000008000506       0x18 Middlewares/FreeRTOS/Source/list.o
                0x0000000008000506                vListInsertEnd
 .text.vListInsert
                0x000000000800051e       0x34 Middlewares/FreeRTOS/Source/list.o
                0x000000000800051e                vListInsert
 .text.uxListRemove
                0x0000000008000552       0x28 Middlewares/FreeRTOS/Source/list.o
                0x0000000008000552                uxListRemove
 *fill*         0x000000000800057a        0x2 
 .text.prvResetNextTaskUnblockTime
                0x000000000800057c       0x2c Middlewares/FreeRTOS/Source/tasks.o
 .text.prvDeleteTCB
                0x00000000080005a8       0x12 Middlewares/FreeRTOS/Source/tasks.o
 .text.prvInitialiseNewTask
                0x00000000080005ba       0x9c Middlewares/FreeRTOS/Source/tasks.o
 *fill*         0x0000000008000656        0x2 
 .text.prvInitialiseTaskLists
                0x0000000008000658       0x68 Middlewares/FreeRTOS/Source/tasks.o
 .text.prvAddNewTaskToReadyList
                0x00000000080006c0       0xac Middlewares/FreeRTOS/Source/tasks.o
 .text.prvCheckTasksWaitingTermination
                0x000000000800076c       0x4c Middlewares/FreeRTOS/Source/tasks.o
 .text.prvIdleTask
                0x00000000080007b8       0x28 Middlewares/FreeRTOS/Source/tasks.o
 .text.prvAddCurrentTaskToDelayedList
                0x00000000080007e0       0x98 Middlewares/FreeRTOS/Source/tasks.o
 .text.xTaskCreate
                0x0000000008000878       0x62 Middlewares/FreeRTOS/Source/tasks.o
                0x0000000008000878                xTaskCreate
 *fill*         0x00000000080008da        0x2 
 .text.vTaskStartScheduler
                0x00000000080008dc       0x80 Middlewares/FreeRTOS/Source/tasks.o
                0x00000000080008dc                vTaskStartScheduler
 .text.vTaskSuspendAll
                0x000000000800095c       0x10 Middlewares/FreeRTOS/Source/tasks.o
                0x000000000800095c                vTaskSuspendAll
 .text.xTaskIncrementTick
                0x000000000800096c      0x118 Middlewares/FreeRTOS/Source/tasks.o
                0x000000000800096c                xTaskIncrementTick
 .text.xTaskResumeAll
                0x0000000008000a84       0xf4 Middlewares/FreeRTOS/Source/tasks.o
                0x0000000008000a84                xTaskResumeAll
 .text.vTaskDelay
                0x0000000008000b78       0x4c Middlewares/FreeRTOS/Source/tasks.o
                0x0000000008000b78                vTaskDelay
 .text.vTaskSwitchContext
                0x0000000008000bc4       0xb4 Middlewares/FreeRTOS/Source/tasks.o
                0x0000000008000bc4                vTaskSwitchContext
 .text.prvTaskExitError
                0x0000000008000c78       0x40 Middlewares/FreeRTOS/Source/portable/GCC/ARM_CM4F/port.o
 .text.prvPortStartFirstTask
                0x0000000008000cb8       0x28 Middlewares/FreeRTOS/Source/portable/GCC/ARM_CM4F/port.o
 .text.vPortEnableVFP
                0x0000000008000ce0       0x14 Middlewares/FreeRTOS/Source/portable/GCC/ARM_CM4F/port.o
 .text.pxPortInitialiseStack
                0x0000000008000cf4       0x2c Middlewares/FreeRTOS/Source/portable/GCC/ARM_CM4F/port.o
                0x0000000008000cf4                pxPortInitialiseStack
 .text.SVC_Handler
                0x0000000008000d20       0x24 Middlewares/FreeRTOS/Source/portable/GCC/ARM_CM4F/port.o
                0x0000000008000d20                SVC_Handler
 .text.vPortEnterCritical
                0x0000000008000d44       0x44 Middlewares/FreeRTOS/Source/portable/GCC/ARM_CM4F/port.o
                0x0000000008000d44                vPortEnterCritical
 .text.vPortExitCritical
                0x0000000008000d88       0x2c Middlewares/FreeRTOS/Source/portable/GCC/ARM_CM4F/port.o
                0x0000000008000d88                vPortExitCritical
 *fill*         0x0000000008000db4        0xc 
 .text.PendSV_Handler
                0x0000000008000dc0       0x64 Middlewares/FreeRTOS/Source/portable/GCC/ARM_CM4F/port.o
                0x0000000008000dc0                PendSV_Handler
 .text.SysTick_Handler
                0x0000000008000e24       0x2c Middlewares/FreeRTOS/Source/portable/GCC/ARM_CM4F/port.o
                0x0000000008000e24                SysTick_Handler
 .text.vPortSetupTimerInterrupt
                0x0000000008000e50       0x38 Middlewares/FreeRTOS/Source/portable/GCC/ARM_CM4F/port.o
                0x0000000008000e50                vPortSetupTimerInterrupt
 .text.xPortStartScheduler
                0x0000000008000e88      0x110 Middlewares/FreeRTOS/Source/portable/GCC/ARM_CM4F/port.o
                0x0000000008000e88                xPortStartScheduler
 .text.prvHeapInit
                0x0000000008000f98       0x64 Middlewares/FreeRTOS/Source/portable/MemMang/heap_4.o
 .text.prvInsertBlockIntoFreeList
                0x0000000008000ffc       0x58 Middlewares/FreeRTOS/Source/portable/MemMang/heap_4.o
 .text.pvPortMalloc
                0x0000000008001054      0x108 Middlewares/FreeRTOS/Source/portable/MemMang/heap_4.o
                0x0000000008001054                pvPortMalloc
 .text.vPortFree
                0x000000000800115c       0x70 Middlewares/FreeRTOS/Source/portable/MemMang/heap_4.o
                0x000000000800115c                vPortFree
 .text._timer6_16_bit_init
                0x00000000080011cc       0x5c System/Debugging/Src/performance.o
 .text.prf_timer_osmeasurer_init
                0x0000000008001228       0x18 System/Debugging/Src/performance.o
                0x0000000008001228                prf_timer_osmeasurer_init
 .text.prf_timer_osmeasurer_count_get
                0x0000000008001240        0xc System/Debugging/Src/performance.o
                0x0000000008001240                prf_timer_osmeasurer_count_get
 .text._startup_tasks_create
                0x000000000800124c       0x48 System/Runtime/Src/os_starter.o
 .text.os_start
                0x0000000008001294        0xc System/Runtime/Src/os_starter.o
                0x0000000008001294                os_start
 .text.thread_init
                0x00000000080012a0       0x1c System/Runtime/Src/t_init.o
                0x00000000080012a0                thread_init
 .text.thread_test
                0x00000000080012bc       0x1c System/Runtime/Src/t_init.o
                0x00000000080012bc                thread_test
 .text.__libc_init_array
                0x00000000080012d8       0x48 c:/st/stm32cubeide_1.0.1/stm32cubeide/plugins/com.st.stm32cube.ide.mcu.externaltools.gnu-tools-for-stm32.7-2018-q2-update.win32_1.0.0.201904181610/tools/bin/../lib/gcc/arm-none-eabi/7.3.1/../../../../arm-none-eabi/lib/thumb/v7e-m/fpv4-sp/hard\libc.a(lib_a-init.o)
                0x00000000080012d8                __libc_init_array
 .text.memset   0x0000000008001320       0x10 c:/st/stm32cubeide_1.0.1/stm32cubeide/plugins/com.st.stm32cube.ide.mcu.externaltools.gnu-tools-for-stm32.7-2018-q2-update.win32_1.0.0.201904181610/tools/bin/../lib/gcc/arm-none-eabi/7.3.1/../../../../arm-none-eabi/lib/thumb/v7e-m/fpv4-sp/hard\libc.a(lib_a-memset.o)
                0x0000000008001320                memset
 .text.startup.register_fini
                0x0000000008001330       0x14 c:/st/stm32cubeide_1.0.1/stm32cubeide/plugins/com.st.stm32cube.ide.mcu.externaltools.gnu-tools-for-stm32.7-2018-q2-update.win32_1.0.0.201904181610/tools/bin/../lib/gcc/arm-none-eabi/7.3.1/../../../../arm-none-eabi/lib/thumb/v7e-m/fpv4-sp/hard\libc.a(lib_a-__call_atexit.o)
 .text.atexit   0x0000000008001344        0xc c:/st/stm32cubeide_1.0.1/stm32cubeide/plugins/com.st.stm32cube.ide.mcu.externaltools.gnu-tools-for-stm32.7-2018-q2-update.win32_1.0.0.201904181610/tools/bin/../lib/gcc/arm-none-eabi/7.3.1/../../../../arm-none-eabi/lib/thumb/v7e-m/fpv4-sp/hard\libc.a(lib_a-atexit.o)
                0x0000000008001344                atexit
 .text.__libc_fini_array
                0x0000000008001350       0x28 c:/st/stm32cubeide_1.0.1/stm32cubeide/plugins/com.st.stm32cube.ide.mcu.externaltools.gnu-tools-for-stm32.7-2018-q2-update.win32_1.0.0.201904181610/tools/bin/../lib/gcc/arm-none-eabi/7.3.1/../../../../arm-none-eabi/lib/thumb/v7e-m/fpv4-sp/hard\libc.a(lib_a-fini.o)
                0x0000000008001350                __libc_fini_array
 .text.__retarget_lock_acquire_recursive
                0x0000000008001378        0x2 c:/st/stm32cubeide_1.0.1/stm32cubeide/plugins/com.st.stm32cube.ide.mcu.externaltools.gnu-tools-for-stm32.7-2018-q2-update.win32_1.0.0.201904181610/tools/bin/../lib/gcc/arm-none-eabi/7.3.1/../../../../arm-none-eabi/lib/thumb/v7e-m/fpv4-sp/hard\libc.a(lib_a-lock.o)
                0x0000000008001378                __retarget_lock_acquire_recursive
 .text.__retarget_lock_release_recursive
                0x000000000800137a        0x2 c:/st/stm32cubeide_1.0.1/stm32cubeide/plugins/com.st.stm32cube.ide.mcu.externaltools.gnu-tools-for-stm32.7-2018-q2-update.win32_1.0.0.201904181610/tools/bin/../lib/gcc/arm-none-eabi/7.3.1/../../../../arm-none-eabi/lib/thumb/v7e-m/fpv4-sp/hard\libc.a(lib_a-lock.o)
                0x000000000800137a                __retarget_lock_release_recursive
 .text.__register_exitproc
                0x000000000800137c       0xac c:/st/stm32cubeide_1.0.1/stm32cubeide/plugins/com.st.stm32cube.ide.mcu.externaltools.gnu-tools-for-stm32.7-2018-q2-update.win32_1.0.0.201904181610/tools/bin/../lib/gcc/arm-none-eabi/7.3.1/../../../../arm-none-eabi/lib/thumb/v7e-m/fpv4-sp/hard\libc.a(lib_a-__atexit.o)
                0x000000000800137c                __register_exitproc
 *(.glue_7)
 .glue_7        0x0000000008001428        0x0 linker stubs
 *(.glue_7t)
 .glue_7t       0x0000000008001428        0x0 linker stubs
 *(.eh_frame)
 .eh_frame      0x0000000008001428        0x0 c:/st/stm32cubeide_1.0.1/stm32cubeide/plugins/com.st.stm32cube.ide.mcu.externaltools.gnu-tools-for-stm32.7-2018-q2-update.win32_1.0.0.201904181610/tools/bin/../lib/gcc/arm-none-eabi/7.3.1/thumb/v7e-m/fpv4-sp/hard/crtbegin.o
 *(.init)
 .init          0x0000000008001428        0x4 c:/st/stm32cubeide_1.0.1/stm32cubeide/plugins/com.st.stm32cube.ide.mcu.externaltools.gnu-tools-for-stm32.7-2018-q2-update.win32_1.0.0.201904181610/tools/bin/../lib/gcc/arm-none-eabi/7.3.1/thumb/v7e-m/fpv4-sp/hard/crti.o
                0x0000000008001428                _init
 .init          0x000000000800142c        0x8 c:/st/stm32cubeide_1.0.1/stm32cubeide/plugins/com.st.stm32cube.ide.mcu.externaltools.gnu-tools-for-stm32.7-2018-q2-update.win32_1.0.0.201904181610/tools/bin/../lib/gcc/arm-none-eabi/7.3.1/thumb/v7e-m/fpv4-sp/hard/crtn.o
 *(.fini)
 .fini          0x0000000008001434        0x4 c:/st/stm32cubeide_1.0.1/stm32cubeide/plugins/com.st.stm32cube.ide.mcu.externaltools.gnu-tools-for-stm32.7-2018-q2-update.win32_1.0.0.201904181610/tools/bin/../lib/gcc/arm-none-eabi/7.3.1/thumb/v7e-m/fpv4-sp/hard/crti.o
                0x0000000008001434                _fini
 .fini          0x0000000008001438        0x8 c:/st/stm32cubeide_1.0.1/stm32cubeide/plugins/com.st.stm32cube.ide.mcu.externaltools.gnu-tools-for-stm32.7-2018-q2-update.win32_1.0.0.201904181610/tools/bin/../lib/gcc/arm-none-eabi/7.3.1/thumb/v7e-m/fpv4-sp/hard/crtn.o
                0x0000000008001440                . = ALIGN (0x4)
                0x0000000008001440                _etext = .

.vfp11_veneer   0x0000000008001440        0x0
 .vfp11_veneer  0x0000000008001440        0x0 linker stubs

.v4_bx          0x0000000008001440        0x0
 .v4_bx         0x0000000008001440        0x0 linker stubs

.iplt           0x0000000008001440        0x0
 .iplt          0x0000000008001440        0x0 c:/st/stm32cubeide_1.0.1/stm32cubeide/plugins/com.st.stm32cube.ide.mcu.externaltools.gnu-tools-for-stm32.7-2018-q2-update.win32_1.0.0.201904181610/tools/bin/../lib/gcc/arm-none-eabi/7.3.1/thumb/v7e-m/fpv4-sp/hard/crtbegin.o

.rodata         0x0000000008001440       0x1c
                0x0000000008001440                . = ALIGN (0x4)
 *(.rodata)
 *(.rodata*)
 .rodata.vTaskStartScheduler.str1.4
                0x0000000008001440        0x5 Middlewares/FreeRTOS/Source/tasks.o
 *fill*         0x0000000008001445        0x3 
 .rodata.str1.4
                0x0000000008001448       0x10 System/Runtime/Src/os_starter.o
                                          0xd (size before relaxing)
 .rodata._global_impure_ptr
                0x0000000008001458        0x4 c:/st/stm32cubeide_1.0.1/stm32cubeide/plugins/com.st.stm32cube.ide.mcu.externaltools.gnu-tools-for-stm32.7-2018-q2-update.win32_1.0.0.201904181610/tools/bin/../lib/gcc/arm-none-eabi/7.3.1/../../../../arm-none-eabi/lib/thumb/v7e-m/fpv4-sp/hard\libc.a(lib_a-impure.o)
                0x0000000008001458                _global_impure_ptr
                0x000000000800145c                . = ALIGN (0x4)

.rel.dyn        0x000000000800145c        0x0
 .rel.iplt      0x000000000800145c        0x0 c:/st/stm32cubeide_1.0.1/stm32cubeide/plugins/com.st.stm32cube.ide.mcu.externaltools.gnu-tools-for-stm32.7-2018-q2-update.win32_1.0.0.201904181610/tools/bin/../lib/gcc/arm-none-eabi/7.3.1/thumb/v7e-m/fpv4-sp/hard/crtbegin.o

.ARM.extab      0x000000000800145c        0x0
                0x000000000800145c                . = ALIGN (0x4)
 *(.ARM.extab* .gnu.linkonce.armextab.*)
                0x000000000800145c                . = ALIGN (0x4)

.ARM            0x000000000800145c        0x0
                0x000000000800145c                . = ALIGN (0x4)
                0x000000000800145c                __exidx_start = .
 *(.ARM.exidx*)
                0x000000000800145c                __exidx_end = .
                0x000000000800145c                . = ALIGN (0x4)

.preinit_array  0x000000000800145c        0x0
                0x000000000800145c                . = ALIGN (0x4)
                0x000000000800145c                PROVIDE (__preinit_array_start = .)
 *(.preinit_array*)
                0x000000000800145c                PROVIDE (__preinit_array_end = .)
                0x000000000800145c                . = ALIGN (0x4)

.init_array     0x000000000800145c        0x8
                0x000000000800145c                . = ALIGN (0x4)
                0x000000000800145c                PROVIDE (__init_array_start = .)
 *(SORT_BY_NAME(.init_array.*))
 .init_array.00000
                0x000000000800145c        0x4 c:/st/stm32cubeide_1.0.1/stm32cubeide/plugins/com.st.stm32cube.ide.mcu.externaltools.gnu-tools-for-stm32.7-2018-q2-update.win32_1.0.0.201904181610/tools/bin/../lib/gcc/arm-none-eabi/7.3.1/../../../../arm-none-eabi/lib/thumb/v7e-m/fpv4-sp/hard\libc.a(lib_a-__call_atexit.o)
 *(.init_array*)
 .init_array    0x0000000008001460        0x4 c:/st/stm32cubeide_1.0.1/stm32cubeide/plugins/com.st.stm32cube.ide.mcu.externaltools.gnu-tools-for-stm32.7-2018-q2-update.win32_1.0.0.201904181610/tools/bin/../lib/gcc/arm-none-eabi/7.3.1/thumb/v7e-m/fpv4-sp/hard/crtbegin.o
                0x0000000008001464                PROVIDE (__init_array_end = .)
                0x0000000008001464                . = ALIGN (0x4)

.fini_array     0x0000000008001464        0x4
                0x0000000008001464                . = ALIGN (0x4)
                0x0000000008001464                PROVIDE (__fini_array_start = .)
 *(SORT_BY_NAME(.fini_array.*))
 *(.fini_array*)
 .fini_array    0x0000000008001464        0x4 c:/st/stm32cubeide_1.0.1/stm32cubeide/plugins/com.st.stm32cube.ide.mcu.externaltools.gnu-tools-for-stm32.7-2018-q2-update.win32_1.0.0.201904181610/tools/bin/../lib/gcc/arm-none-eabi/7.3.1/thumb/v7e-m/fpv4-sp/hard/crtbegin.o
                0x0000000008001468                PROVIDE (__fini_array_end = .)
                0x0000000008001468                . = ALIGN (0x4)
                0x0000000008001468                _sidata = LOADADDR (.data)

.data           0x0000000020000000      0x474 load address 0x0000000008001468
                0x0000000020000000                . = ALIGN (0x4)
                0x0000000020000000                _sdata = .
 *(.data)
 *(.data*)
 .data.SystemCoreClock
                0x0000000020000000        0x4 Core/Src/system_stm32f4xx.o
                0x0000000020000000                SystemCoreClock
 .data.uwTickFreq
                0x0000000020000004        0x1 Drivers/STM32F4xx_HAL_Driver/Src/stm32f4xx_hal.o
                0x0000000020000004                uwTickFreq
 *fill*         0x0000000020000005        0x3 
 .data.uwTickPrio
                0x0000000020000008        0x4 Drivers/STM32F4xx_HAL_Driver/Src/stm32f4xx_hal.o
                0x0000000020000008                uwTickPrio
 .data.uxCriticalNesting
                0x000000002000000c        0x4 Middlewares/FreeRTOS/Source/portable/GCC/ARM_CM4F/port.o
 .data.startup_tasks
                0x0000000020000010       0x38 System/Runtime/Src/os_starter.o
                0x0000000020000010                startup_tasks
 .data.impure_data
                0x0000000020000048      0x428 c:/st/stm32cubeide_1.0.1/stm32cubeide/plugins/com.st.stm32cube.ide.mcu.externaltools.gnu-tools-for-stm32.7-2018-q2-update.win32_1.0.0.201904181610/tools/bin/../lib/gcc/arm-none-eabi/7.3.1/../../../../arm-none-eabi/lib/thumb/v7e-m/fpv4-sp/hard\libc.a(lib_a-impure.o)
 .data.__atexit_recursive_mutex
                0x0000000020000470        0x4 c:/st/stm32cubeide_1.0.1/stm32cubeide/plugins/com.st.stm32cube.ide.mcu.externaltools.gnu-tools-for-stm32.7-2018-q2-update.win32_1.0.0.201904181610/tools/bin/../lib/gcc/arm-none-eabi/7.3.1/../../../../arm-none-eabi/lib/thumb/v7e-m/fpv4-sp/hard\libc.a(lib_a-__call_atexit.o)
                0x0000000020000470                __atexit_recursive_mutex
                0x0000000020000474                . = ALIGN (0x4)
                0x0000000020000474                _edata = .

.igot.plt       0x0000000020000474        0x0 load address 0x00000000080018dc
 .igot.plt      0x0000000020000474        0x0 c:/st/stm32cubeide_1.0.1/stm32cubeide/plugins/com.st.stm32cube.ide.mcu.externaltools.gnu-tools-for-stm32.7-2018-q2-update.win32_1.0.0.201904181610/tools/bin/../lib/gcc/arm-none-eabi/7.3.1/thumb/v7e-m/fpv4-sp/hard/crtbegin.o
                0x0000000020000474                . = ALIGN (0x4)

.bss            0x0000000020000474     0x3db8 load address 0x00000000080018dc
                0x0000000020000474                _sbss = .
                0x0000000020000474                __bss_start__ = _sbss
 *(.bss)
 .bss           0x0000000020000474       0x1c c:/st/stm32cubeide_1.0.1/stm32cubeide/plugins/com.st.stm32cube.ide.mcu.externaltools.gnu-tools-for-stm32.7-2018-q2-update.win32_1.0.0.201904181610/tools/bin/../lib/gcc/arm-none-eabi/7.3.1/thumb/v7e-m/fpv4-sp/hard/crtbegin.o
 *(.bss*)
 .bss.pxCurrentTCB
                0x0000000020000490        0x4 Middlewares/FreeRTOS/Source/tasks.o
                0x0000000020000490                pxCurrentTCB
 .bss.pxDelayedTaskList
                0x0000000020000494        0x4 Middlewares/FreeRTOS/Source/tasks.o
 .bss.pxOverflowDelayedTaskList
                0x0000000020000498        0x4 Middlewares/FreeRTOS/Source/tasks.o
 .bss.pxReadyTasksLists
                0x000000002000049c       0x8c Middlewares/FreeRTOS/Source/tasks.o
 .bss.ulTaskSwitchedInTime
                0x0000000020000528        0x4 Middlewares/FreeRTOS/Source/tasks.o
 .bss.uxCurrentNumberOfTasks
                0x000000002000052c        0x4 Middlewares/FreeRTOS/Source/tasks.o
 .bss.uxDeletedTasksWaitingCleanUp
                0x0000000020000530        0x4 Middlewares/FreeRTOS/Source/tasks.o
 .bss.uxPendedTicks
                0x0000000020000534        0x4 Middlewares/FreeRTOS/Source/tasks.o
 .bss.uxSchedulerSuspended
                0x0000000020000538        0x4 Middlewares/FreeRTOS/Source/tasks.o
 .bss.uxTaskNumber
                0x000000002000053c        0x4 Middlewares/FreeRTOS/Source/tasks.o
 .bss.uxTopReadyPriority
                0x0000000020000540        0x4 Middlewares/FreeRTOS/Source/tasks.o
 .bss.xDelayedTaskList1
                0x0000000020000544       0x14 Middlewares/FreeRTOS/Source/tasks.o
 .bss.xDelayedTaskList2
                0x0000000020000558       0x14 Middlewares/FreeRTOS/Source/tasks.o
 .bss.xIdleTaskHandle
                0x000000002000056c        0x4 Middlewares/FreeRTOS/Source/tasks.o
 .bss.xNextTaskUnblockTime
                0x0000000020000570        0x4 Middlewares/FreeRTOS/Source/tasks.o
 .bss.xNumOfOverflows
                0x0000000020000574        0x4 Middlewares/FreeRTOS/Source/tasks.o
 .bss.xPendingReadyList
                0x0000000020000578       0x14 Middlewares/FreeRTOS/Source/tasks.o
 .bss.xSchedulerRunning
                0x000000002000058c        0x4 Middlewares/FreeRTOS/Source/tasks.o
 .bss.xSuspendedTaskList
                0x0000000020000590       0x14 Middlewares/FreeRTOS/Source/tasks.o
 .bss.xTasksWaitingTermination
                0x00000000200005a4       0x14 Middlewares/FreeRTOS/Source/tasks.o
 .bss.xTickCount
                0x00000000200005b8        0x4 Middlewares/FreeRTOS/Source/tasks.o
 .bss.xYieldPending
                0x00000000200005bc        0x4 Middlewares/FreeRTOS/Source/tasks.o
 .bss.ucMaxSysCallPriority
                0x00000000200005c0        0x1 Middlewares/FreeRTOS/Source/portable/GCC/ARM_CM4F/port.o
 *fill*         0x00000000200005c1        0x3 
 .bss.ulMaxPRIGROUPValue
                0x00000000200005c4        0x4 Middlewares/FreeRTOS/Source/portable/GCC/ARM_CM4F/port.o
 .bss.pxEnd     0x00000000200005c8        0x4 Middlewares/FreeRTOS/Source/portable/MemMang/heap_4.o
 .bss.ucHeap    0x00000000200005cc     0x3c00 Middlewares/FreeRTOS/Source/portable/MemMang/heap_4.o
 .bss.xBlockAllocatedBit
                0x00000000200041cc        0x4 Middlewares/FreeRTOS/Source/portable/MemMang/heap_4.o
 .bss.xFreeBytesRemaining
                0x00000000200041d0        0x4 Middlewares/FreeRTOS/Source/portable/MemMang/heap_4.o
 .bss.xMinimumEverFreeBytesRemaining
                0x00000000200041d4        0x4 Middlewares/FreeRTOS/Source/portable/MemMang/heap_4.o
 .bss.xStart    0x00000000200041d8        0x8 Middlewares/FreeRTOS/Source/portable/MemMang/heap_4.o
 .bss.htim6     0x00000000200041e0       0x40 System/Debugging/Src/performance.o
 *(COMMON)
 COMMON         0x0000000020004220        0x9 c:/st/stm32cubeide_1.0.1/stm32cubeide/plugins/com.st.stm32cube.ide.mcu.externaltools.gnu-tools-for-stm32.7-2018-q2-update.win32_1.0.0.201904181610/tools/bin/../lib/gcc/arm-none-eabi/7.3.1/../../../../arm-none-eabi/lib/thumb/v7e-m/fpv4-sp/hard\libc.a(lib_a-lock.o)
                0x0000000020004220                __lock___atexit_recursive_mutex
                0x0000000020004221                __lock___arc4random_mutex
                0x0000000020004222                __lock___env_recursive_mutex
                0x0000000020004223                __lock___sinit_recursive_mutex
                0x0000000020004224                __lock___malloc_recursive_mutex
                0x0000000020004225                __lock___at_quick_exit_mutex
                0x0000000020004226                __lock___dd_hash_mutex
                0x0000000020004227                __lock___tz_mutex
                0x0000000020004228                __lock___sfp_recursive_mutex
                0x000000002000422c                . = ALIGN (0x4)
 *fill*         0x0000000020004229        0x3 
                0x000000002000422c                _ebss = .
                0x000000002000422c                __bss_end__ = _ebss

._user_heap_stack
                0x000000002000422c      0x604 load address 0x00000000080018dc
                0x0000000020004230                . = ALIGN (0x8)
 *fill*         0x000000002000422c        0x4 
                0x0000000020004230                PROVIDE (end = .)
                [!provide]                        PROVIDE (_end = .)
                0x0000000020004430                . = (. + _Min_Heap_Size)
 *fill*         0x0000000020004230      0x200 
                0x0000000020004830                . = (. + _Min_Stack_Size)
 *fill*         0x0000000020004430      0x400 
                0x0000000020004830                . = ALIGN (0x8)

/DISCARD/
 libc.a(*)
 libm.a(*)
 libgcc.a(*)

.ARM.attributes
                0x0000000000000000       0x30
 *(.ARM.attributes)
 .ARM.attributes
                0x0000000000000000       0x22 c:/st/stm32cubeide_1.0.1/stm32cubeide/plugins/com.st.stm32cube.ide.mcu.externaltools.gnu-tools-for-stm32.7-2018-q2-update.win32_1.0.0.201904181610/tools/bin/../lib/gcc/arm-none-eabi/7.3.1/thumb/v7e-m/fpv4-sp/hard/crti.o
 .ARM.attributes
                0x0000000000000022       0x34 c:/st/stm32cubeide_1.0.1/stm32cubeide/plugins/com.st.stm32cube.ide.mcu.externaltools.gnu-tools-for-stm32.7-2018-q2-update.win32_1.0.0.201904181610/tools/bin/../lib/gcc/arm-none-eabi/7.3.1/thumb/v7e-m/fpv4-sp/hard/crtbegin.o
 .ARM.attributes
                0x0000000000000056       0x39 Core/Src/main.o
 .ARM.attributes
                0x000000000000008f       0x39 Core/Src/stm32f4xx_hal_msp.o
 .ARM.attributes
                0x00000000000000c8       0x39 Core/Src/stm32f4xx_it.o
 .ARM.attributes
                0x0000000000000101       0x39 Core/Src/system_stm32f4xx.o
 .ARM.attributes
                0x000000000000013a       0x21 Core/Startup/startup_stm32f407vgtx.o
 .ARM.attributes
                0x000000000000015b       0x39 Drivers/STM32F4xx_HAL_Driver/Src/stm32f4xx_hal.o
 .ARM.attributes
                0x0000000000000194       0x39 Drivers/STM32F4xx_HAL_Driver/Src/stm32f4xx_hal_cortex.o
 .ARM.attributes
                0x00000000000001cd       0x39 Drivers/STM32F4xx_HAL_Driver/Src/stm32f4xx_hal_tim.o
 .ARM.attributes
                0x0000000000000206       0x39 Middlewares/FreeRTOS/Source/list.o
 .ARM.attributes
                0x000000000000023f       0x39 Middlewares/FreeRTOS/Source/tasks.o
 .ARM.attributes
                0x0000000000000278       0x39 Middlewares/FreeRTOS/Source/portable/GCC/ARM_CM4F/port.o
 .ARM.attributes
                0x00000000000002b1       0x39 Middlewares/FreeRTOS/Source/portable/MemMang/heap_4.o
 .ARM.attributes
                0x00000000000002ea       0x39 System/Debugging/Src/performance.o
 .ARM.attributes
                0x0000000000000323       0x39 System/Runtime/Src/os_starter.o
 .ARM.attributes
                0x000000000000035c       0x39 System/Runtime/Src/t_init.o
 .ARM.attributes
                0x0000000000000395       0x34 c:/st/stm32cubeide_1.0.1/stm32cubeide/plugins/com.st.stm32cube.ide.mcu.externaltools.gnu-tools-for-stm32.7-2018-q2-update.win32_1.0.0.201904181610/tools/bin/../lib/gcc/arm-none-eabi/7.3.1/../../../../arm-none-eabi/lib/thumb/v7e-m/fpv4-sp/hard\libc.a(lib_a-impure.o)
 .ARM.attributes
                0x00000000000003c9       0x34 c:/st/stm32cubeide_1.0.1/stm32cubeide/plugins/com.st.stm32cube.ide.mcu.externaltools.gnu-tools-for-stm32.7-2018-q2-update.win32_1.0.0.201904181610/tools/bin/../lib/gcc/arm-none-eabi/7.3.1/../../../../arm-none-eabi/lib/thumb/v7e-m/fpv4-sp/hard\libc.a(lib_a-init.o)
 .ARM.attributes
                0x00000000000003fd       0x34 c:/st/stm32cubeide_1.0.1/stm32cubeide/plugins/com.st.stm32cube.ide.mcu.externaltools.gnu-tools-for-stm32.7-2018-q2-update.win32_1.0.0.201904181610/tools/bin/../lib/gcc/arm-none-eabi/7.3.1/../../../../arm-none-eabi/lib/thumb/v7e-m/fpv4-sp/hard\libc.a(lib_a-memset.o)
 .ARM.attributes
                0x0000000000000431       0x34 c:/st/stm32cubeide_1.0.1/stm32cubeide/plugins/com.st.stm32cube.ide.mcu.externaltools.gnu-tools-for-stm32.7-2018-q2-update.win32_1.0.0.201904181610/tools/bin/../lib/gcc/arm-none-eabi/7.3.1/../../../../arm-none-eabi/lib/thumb/v7e-m/fpv4-sp/hard\libc.a(lib_a-__call_atexit.o)
 .ARM.attributes
                0x0000000000000465       0x34 c:/st/stm32cubeide_1.0.1/stm32cubeide/plugins/com.st.stm32cube.ide.mcu.externaltools.gnu-tools-for-stm32.7-2018-q2-update.win32_1.0.0.201904181610/tools/bin/../lib/gcc/arm-none-eabi/7.3.1/../../../../arm-none-eabi/lib/thumb/v7e-m/fpv4-sp/hard\libc.a(lib_a-atexit.o)
 .ARM.attributes
                0x0000000000000499       0x34 c:/st/stm32cubeide_1.0.1/stm32cubeide/plugins/com.st.stm32cube.ide.mcu.externaltools.gnu-tools-for-stm32.7-2018-q2-update.win32_1.0.0.201904181610/tools/bin/../lib/gcc/arm-none-eabi/7.3.1/../../../../arm-none-eabi/lib/thumb/v7e-m/fpv4-sp/hard\libc.a(lib_a-fini.o)
 .ARM.attributes
                0x00000000000004cd       0x34 c:/st/stm32cubeide_1.0.1/stm32cubeide/plugins/com.st.stm32cube.ide.mcu.externaltools.gnu-tools-for-stm32.7-2018-q2-update.win32_1.0.0.201904181610/tools/bin/../lib/gcc/arm-none-eabi/7.3.1/../../../../arm-none-eabi/lib/thumb/v7e-m/fpv4-sp/hard\libc.a(lib_a-lock.o)
 .ARM.attributes
                0x0000000000000501       0x34 c:/st/stm32cubeide_1.0.1/stm32cubeide/plugins/com.st.stm32cube.ide.mcu.externaltools.gnu-tools-for-stm32.7-2018-q2-update.win32_1.0.0.201904181610/tools/bin/../lib/gcc/arm-none-eabi/7.3.1/../../../../arm-none-eabi/lib/thumb/v7e-m/fpv4-sp/hard\libc.a(lib_a-__atexit.o)
 .ARM.attributes
                0x0000000000000535       0x22 c:/st/stm32cubeide_1.0.1/stm32cubeide/plugins/com.st.stm32cube.ide.mcu.externaltools.gnu-tools-for-stm32.7-2018-q2-update.win32_1.0.0.201904181610/tools/bin/../lib/gcc/arm-none-eabi/7.3.1/thumb/v7e-m/fpv4-sp/hard/crtn.o
OUTPUT(Mikiot-fw.elf elf32-littlearm)

.debug_info     0x0000000000000000     0xe09f
 .debug_info    0x0000000000000000      0x9d5 Core/Src/main.o
 .debug_info    0x00000000000009d5      0x362 Core/Src/stm32f4xx_hal_msp.o
 .debug_info    0x0000000000000d37      0x1d7 Core/Src/stm32f4xx_it.o
 .debug_info    0x0000000000000f0e      0x559 Core/Src/system_stm32f4xx.o
 .debug_info    0x0000000000001467       0x22 Core/Startup/startup_stm32f407vgtx.o
 .debug_info    0x0000000000001489      0x9f1 Drivers/STM32F4xx_HAL_Driver/Src/stm32f4xx_hal.o
 .debug_info    0x0000000000001e7a      0xf8c Drivers/STM32F4xx_HAL_Driver/Src/stm32f4xx_hal_cortex.o
 .debug_info    0x0000000000002e06     0x31db Drivers/STM32F4xx_HAL_Driver/Src/stm32f4xx_hal_tim.o
 .debug_info    0x0000000000005fe1      0xbe3 Middlewares/FreeRTOS/Source/list.o
 .debug_info    0x0000000000006bc4     0x3116 Middlewares/FreeRTOS/Source/tasks.o
 .debug_info    0x0000000000009cda      0xe73 Middlewares/FreeRTOS/Source/portable/GCC/ARM_CM4F/port.o
 .debug_info    0x000000000000ab4d      0xd66 Middlewares/FreeRTOS/Source/portable/MemMang/heap_4.o
 .debug_info    0x000000000000b8b3     0x125c System/Debugging/Src/performance.o
 .debug_info    0x000000000000cb0f      0xb3f System/Runtime/Src/os_starter.o
 .debug_info    0x000000000000d64e      0xa51 System/Runtime/Src/t_init.o

.debug_abbrev   0x0000000000000000     0x206a
 .debug_abbrev  0x0000000000000000      0x1eb Core/Src/main.o
 .debug_abbrev  0x00000000000001eb      0x109 Core/Src/stm32f4xx_hal_msp.o
 .debug_abbrev  0x00000000000002f4       0xae Core/Src/stm32f4xx_it.o
 .debug_abbrev  0x00000000000003a2      0x12b Core/Src/system_stm32f4xx.o
 .debug_abbrev  0x00000000000004cd       0x12 Core/Startup/startup_stm32f407vgtx.o
 .debug_abbrev  0x00000000000004df      0x1ed Drivers/STM32F4xx_HAL_Driver/Src/stm32f4xx_hal.o
 .debug_abbrev  0x00000000000006cc      0x328 Drivers/STM32F4xx_HAL_Driver/Src/stm32f4xx_hal_cortex.o
 .debug_abbrev  0x00000000000009f4      0x226 Drivers/STM32F4xx_HAL_Driver/Src/stm32f4xx_hal_tim.o
 .debug_abbrev  0x0000000000000c1a      0x24e Middlewares/FreeRTOS/Source/list.o
 .debug_abbrev  0x0000000000000e68      0x3c2 Middlewares/FreeRTOS/Source/tasks.o
 .debug_abbrev  0x000000000000122a      0x388 Middlewares/FreeRTOS/Source/portable/GCC/ARM_CM4F/port.o
 .debug_abbrev  0x00000000000015b2      0x34a Middlewares/FreeRTOS/Source/portable/MemMang/heap_4.o
 .debug_abbrev  0x00000000000018fc      0x313 System/Debugging/Src/performance.o
 .debug_abbrev  0x0000000000001c0f      0x23d System/Runtime/Src/os_starter.o
 .debug_abbrev  0x0000000000001e4c      0x21e System/Runtime/Src/t_init.o

.debug_aranges  0x0000000000000000      0x9a8
 .debug_aranges
                0x0000000000000000       0x20 Core/Src/main.o
 .debug_aranges
                0x0000000000000020       0x20 Core/Src/stm32f4xx_hal_msp.o
 .debug_aranges
                0x0000000000000040       0x48 Core/Src/stm32f4xx_it.o
 .debug_aranges
                0x0000000000000088       0x28 Core/Src/system_stm32f4xx.o
 .debug_aranges
                0x00000000000000b0       0x28 Core/Startup/startup_stm32f407vgtx.o
 .debug_aranges
                0x00000000000000d8       0xf0 Drivers/STM32F4xx_HAL_Driver/Src/stm32f4xx_hal.o
 .debug_aranges
                0x00000000000001c8       0xa8 Drivers/STM32F4xx_HAL_Driver/Src/stm32f4xx_hal_cortex.o
 .debug_aranges
                0x0000000000000270      0x3a8 Drivers/STM32F4xx_HAL_Driver/Src/stm32f4xx_hal_tim.o
 .debug_aranges
                0x0000000000000618       0x40 Middlewares/FreeRTOS/Source/list.o
 .debug_aranges
                0x0000000000000658      0x1d8 Middlewares/FreeRTOS/Source/tasks.o
 .debug_aranges
                0x0000000000000830       0x80 Middlewares/FreeRTOS/Source/portable/GCC/ARM_CM4F/port.o
 .debug_aranges
                0x00000000000008b0       0x50 Middlewares/FreeRTOS/Source/portable/MemMang/heap_4.o
 .debug_aranges
                0x0000000000000900       0x58 System/Debugging/Src/performance.o
 .debug_aranges
                0x0000000000000958       0x28 System/Runtime/Src/os_starter.o
 .debug_aranges
                0x0000000000000980       0x28 System/Runtime/Src/t_init.o

.debug_ranges   0x0000000000000000      0x9e8
 .debug_ranges  0x0000000000000000       0x10 Core/Src/main.o
 .debug_ranges  0x0000000000000010       0x10 Core/Src/stm32f4xx_hal_msp.o
 .debug_ranges  0x0000000000000020       0x38 Core/Src/stm32f4xx_it.o
 .debug_ranges  0x0000000000000058       0x18 Core/Src/system_stm32f4xx.o
 .debug_ranges  0x0000000000000070       0x20 Core/Startup/startup_stm32f407vgtx.o
 .debug_ranges  0x0000000000000090       0xe0 Drivers/STM32F4xx_HAL_Driver/Src/stm32f4xx_hal.o
 .debug_ranges  0x0000000000000170       0xf8 Drivers/STM32F4xx_HAL_Driver/Src/stm32f4xx_hal_cortex.o
 .debug_ranges  0x0000000000000268      0x398 Drivers/STM32F4xx_HAL_Driver/Src/stm32f4xx_hal_tim.o
 .debug_ranges  0x0000000000000600       0x30 Middlewares/FreeRTOS/Source/list.o
 .debug_ranges  0x0000000000000630      0x290 Middlewares/FreeRTOS/Source/tasks.o
 .debug_ranges  0x00000000000008c0       0x70 Middlewares/FreeRTOS/Source/portable/GCC/ARM_CM4F/port.o
 .debug_ranges  0x0000000000000930       0x40 Middlewares/FreeRTOS/Source/portable/MemMang/heap_4.o
 .debug_ranges  0x0000000000000970       0x48 System/Debugging/Src/performance.o
 .debug_ranges  0x00000000000009b8       0x18 System/Runtime/Src/os_starter.o
 .debug_ranges  0x00000000000009d0       0x18 System/Runtime/Src/t_init.o

.debug_macro    0x0000000000000000    0x21e36
 .debug_macro   0x0000000000000000      0x32d Core/Src/main.o
 .debug_macro   0x000000000000032d      0xa5a Core/Src/main.o
 .debug_macro   0x0000000000000d87       0x22 Core/Src/main.o
 .debug_macro   0x0000000000000da9       0x58 Core/Src/main.o
 .debug_macro   0x0000000000000e01       0x18 Core/Src/main.o
 .debug_macro   0x0000000000000e19       0x94 Core/Src/main.o
 .debug_macro   0x0000000000000ead       0x35 Core/Src/main.o
 .debug_macro   0x0000000000000ee2       0x34 Core/Src/main.o
 .debug_macro   0x0000000000000f16       0x16 Core/Src/main.o
 .debug_macro   0x0000000000000f2c       0x57 Core/Src/main.o
 .debug_macro   0x0000000000000f83       0x97 Core/Src/main.o
 .debug_macro   0x000000000000101a      0x330 Core/Src/main.o
 .debug_macro   0x000000000000134a       0xfd Core/Src/main.o
 .debug_macro   0x0000000000001447       0x10 Core/Src/main.o
 .debug_macro   0x0000000000001457       0x58 Core/Src/main.o
 .debug_macro   0x00000000000014af       0x1f Core/Src/main.o
 .debug_macro   0x00000000000014ce       0x43 Core/Src/main.o
 .debug_macro   0x0000000000001511       0x20 Core/Src/main.o
 .debug_macro   0x0000000000001531      0x18e Core/Src/main.o
 .debug_macro   0x00000000000016bf       0x10 Core/Src/main.o
 .debug_macro   0x00000000000016cf       0x6a Core/Src/main.o
 .debug_macro   0x0000000000001739       0x1c Core/Src/main.o
 .debug_macro   0x0000000000001755       0x52 Core/Src/main.o
 .debug_macro   0x00000000000017a7       0x40 Core/Src/main.o
 .debug_macro   0x00000000000017e7       0x10 Core/Src/main.o
 .debug_macro   0x00000000000017f7       0x40 Core/Src/main.o
 .debug_macro   0x0000000000001837       0xd7 Core/Src/main.o
 .debug_macro   0x000000000000190e       0x1c Core/Src/main.o
 .debug_macro   0x000000000000192a       0x3d Core/Src/main.o
 .debug_macro   0x0000000000001967       0x16 Core/Src/main.o
 .debug_macro   0x000000000000197d      0x16f Core/Src/main.o
 .debug_macro   0x0000000000001aec      0x184 Core/Src/main.o
 .debug_macro   0x0000000000001c70       0x32 Core/Src/main.o
 .debug_macro   0x0000000000001ca2       0x2f Core/Src/main.o
 .debug_macro   0x0000000000001cd1       0xef Core/Src/main.o
 .debug_macro   0x0000000000001dc0      0x1df Core/Src/main.o
 .debug_macro   0x0000000000001f9f       0x1c Core/Src/main.o
 .debug_macro   0x0000000000001fbb       0x22 Core/Src/main.o
 .debug_macro   0x0000000000001fdd       0xd9 Core/Src/main.o
 .debug_macro   0x00000000000020b6     0x102d Core/Src/main.o
 .debug_macro   0x00000000000030e3      0x11f Core/Src/main.o
 .debug_macro   0x0000000000003202    0x15e3c Core/Src/main.o
 .debug_macro   0x000000000001903e       0x43 Core/Src/main.o
 .debug_macro   0x0000000000019081     0x3652 Core/Src/main.o
 .debug_macro   0x000000000001c6d3       0x54 Core/Src/main.o
 .debug_macro   0x000000000001c727      0x96b Core/Src/main.o
 .debug_macro   0x000000000001d092      0x9fe Core/Src/main.o
 .debug_macro   0x000000000001da90      0x174 Core/Src/main.o
 .debug_macro   0x000000000001dc04      0x117 Core/Src/main.o
 .debug_macro   0x000000000001dd1b      0x13e Core/Src/main.o
 .debug_macro   0x000000000001de59       0x27 Core/Src/main.o
 .debug_macro   0x000000000001de80      0x287 Core/Src/main.o
 .debug_macro   0x000000000001e107       0x5f Core/Src/main.o
 .debug_macro   0x000000000001e166      0x236 Core/Src/main.o
 .debug_macro   0x000000000001e39c      0x12c Core/Src/main.o
 .debug_macro   0x000000000001e4c8      0x21e Core/Src/main.o
 .debug_macro   0x000000000001e6e6       0x2e Core/Src/main.o
 .debug_macro   0x000000000001e714      0x11a Core/Src/main.o
 .debug_macro   0x000000000001e82e       0x7e Core/Src/main.o
 .debug_macro   0x000000000001e8ac       0x89 Core/Src/main.o
 .debug_macro   0x000000000001e935      0x8a0 Core/Src/main.o
 .debug_macro   0x000000000001f1d5       0x47 Core/Src/main.o
 .debug_macro   0x000000000001f21c      0x12d Core/Src/main.o
 .debug_macro   0x000000000001f349       0x10 Core/Src/main.o
 .debug_macro   0x000000000001f359      0x1ce Core/Src/stm32f4xx_hal_msp.o
 .debug_macro   0x000000000001f527       0x8e Core/Src/stm32f4xx_hal_msp.o
 .debug_macro   0x000000000001f5b5       0x51 Core/Src/stm32f4xx_hal_msp.o
 .debug_macro   0x000000000001f606       0xdf Core/Src/stm32f4xx_hal_msp.o
 .debug_macro   0x000000000001f6e5      0x174 Core/Src/stm32f4xx_hal_msp.o
 .debug_macro   0x000000000001f859       0x5a Core/Src/stm32f4xx_hal_msp.o
 .debug_macro   0x000000000001f8b3      0x1d8 Core/Src/stm32f4xx_it.o
 .debug_macro   0x000000000001fa8b      0x1ca Core/Src/system_stm32f4xx.o
 .debug_macro   0x000000000001fc55      0x224 Drivers/STM32F4xx_HAL_Driver/Src/stm32f4xx_hal.o
 .debug_macro   0x000000000001fe79      0x1c4 Drivers/STM32F4xx_HAL_Driver/Src/stm32f4xx_hal_cortex.o
 .debug_macro   0x000000000002003d      0x1c5 Drivers/STM32F4xx_HAL_Driver/Src/stm32f4xx_hal_tim.o
 .debug_macro   0x0000000000020202      0x3de Middlewares/FreeRTOS/Source/list.o
 .debug_macro   0x00000000000205e0      0x4d0 Middlewares/FreeRTOS/Source/tasks.o
 .debug_macro   0x0000000000020ab0       0x10 Middlewares/FreeRTOS/Source/tasks.o
 .debug_macro   0x0000000000020ac0      0x48b Middlewares/FreeRTOS/Source/portable/GCC/ARM_CM4F/port.o
 .debug_macro   0x0000000000020f4b      0x405 Middlewares/FreeRTOS/Source/portable/MemMang/heap_4.o
 .debug_macro   0x0000000000021350      0x34e System/Debugging/Src/performance.o
 .debug_macro   0x000000000002169e      0x3cd System/Runtime/Src/os_starter.o
 .debug_macro   0x0000000000021a6b      0x3cb System/Runtime/Src/t_init.o

.debug_line     0x0000000000000000     0xa94f
 .debug_line    0x0000000000000000      0x957 Core/Src/main.o
 .debug_line    0x0000000000000957      0x7a8 Core/Src/stm32f4xx_hal_msp.o
 .debug_line    0x00000000000010ff      0x804 Core/Src/stm32f4xx_it.o
 .debug_line    0x0000000000001903      0x7c9 Core/Src/system_stm32f4xx.o
 .debug_line    0x00000000000020cc       0x86 Core/Startup/startup_stm32f407vgtx.o
 .debug_line    0x0000000000002152      0x9a6 Drivers/STM32F4xx_HAL_Driver/Src/stm32f4xx_hal.o
 .debug_line    0x0000000000002af8      0x9f8 Drivers/STM32F4xx_HAL_Driver/Src/stm32f4xx_hal_cortex.o
 .debug_line    0x00000000000034f0     0x1991 Drivers/STM32F4xx_HAL_Driver/Src/stm32f4xx_hal_tim.o
 .debug_line    0x0000000000004e81      0xb74 Middlewares/FreeRTOS/Source/list.o
 .debug_line    0x00000000000059f5     0x15ff Middlewares/FreeRTOS/Source/tasks.o
 .debug_line    0x0000000000006ff4      0xc92 Middlewares/FreeRTOS/Source/portable/GCC/ARM_CM4F/port.o
 .debug_line    0x0000000000007c86      0xc28 Middlewares/FreeRTOS/Source/portable/MemMang/heap_4.o
 .debug_line    0x00000000000088ae      0xa22 System/Debugging/Src/performance.o
 .debug_line    0x00000000000092d0      0xb68 System/Runtime/Src/os_starter.o
 .debug_line    0x0000000000009e38      0xb17 System/Runtime/Src/t_init.o

.debug_str      0x0000000000000000    0xcca05
 .debug_str     0x0000000000000000    0xc3b82 Core/Src/main.o
                                      0xc3e55 (size before relaxing)
 .debug_str     0x00000000000c3b82      0x149 Core/Src/stm32f4xx_hal_msp.o
                                      0xc016c (size before relaxing)
 .debug_str     0x00000000000c3ccb       0x92 Core/Src/stm32f4xx_it.o
                                      0xc00cf (size before relaxing)
 .debug_str     0x00000000000c3d5d       0xc4 Core/Src/system_stm32f4xx.o
                                      0xc01f3 (size before relaxing)
 .debug_str     0x00000000000c3e21       0x36 Core/Startup/startup_stm32f407vgtx.o
                                         0x72 (size before relaxing)
 .debug_str     0x00000000000c3e57      0xac7 Drivers/STM32F4xx_HAL_Driver/Src/stm32f4xx_hal.o
                                      0xc0d05 (size before relaxing)
 .debug_str     0x00000000000c491e      0x357 Drivers/STM32F4xx_HAL_Driver/Src/stm32f4xx_hal_cortex.o
                                      0xc0aaf (size before relaxing)
 .debug_str     0x00000000000c4c75     0x1185 Drivers/STM32F4xx_HAL_Driver/Src/stm32f4xx_hal_tim.o
                                      0xc1352 (size before relaxing)
 .debug_str     0x00000000000c5dfa     0x3ce9 Middlewares/FreeRTOS/Source/list.o
                                      0xc7b3a (size before relaxing)
 .debug_str     0x00000000000c9ae3     0x23dd Middlewares/FreeRTOS/Source/tasks.o
                                      0xc9f9b (size before relaxing)
 .debug_str     0x00000000000cbec0      0x777 Middlewares/FreeRTOS/Source/portable/GCC/ARM_CM4F/port.o
                                      0xc8857 (size before relaxing)
 .debug_str     0x00000000000cc637      0x237 Middlewares/FreeRTOS/Source/portable/MemMang/heap_4.o
                                      0xc833a (size before relaxing)
 .debug_str     0x00000000000cc86e       0xd2 System/Debugging/Src/performance.o
                                      0xc482c (size before relaxing)
 .debug_str     0x00000000000cc940       0x8e System/Runtime/Src/os_starter.o
                                      0xc809d (size before relaxing)
 .debug_str     0x00000000000cc9ce       0x37 System/Runtime/Src/t_init.o
                                      0xc7fab (size before relaxing)

.comment        0x0000000000000000       0x7b
 .comment       0x0000000000000000       0x7b Core/Src/main.o
                                         0x7c (size before relaxing)
 .comment       0x000000000000007b       0x7c Core/Src/stm32f4xx_hal_msp.o
 .comment       0x000000000000007b       0x7c Core/Src/stm32f4xx_it.o
 .comment       0x000000000000007b       0x7c Core/Src/system_stm32f4xx.o
 .comment       0x000000000000007b       0x7c Drivers/STM32F4xx_HAL_Driver/Src/stm32f4xx_hal.o
 .comment       0x000000000000007b       0x7c Drivers/STM32F4xx_HAL_Driver/Src/stm32f4xx_hal_cortex.o
 .comment       0x000000000000007b       0x7c Drivers/STM32F4xx_HAL_Driver/Src/stm32f4xx_hal_tim.o
 .comment       0x000000000000007b       0x7c Middlewares/FreeRTOS/Source/list.o
 .comment       0x000000000000007b       0x7c Middlewares/FreeRTOS/Source/tasks.o
 .comment       0x000000000000007b       0x7c Middlewares/FreeRTOS/Source/portable/GCC/ARM_CM4F/port.o
 .comment       0x000000000000007b       0x7c Middlewares/FreeRTOS/Source/portable/MemMang/heap_4.o
 .comment       0x000000000000007b       0x7c System/Debugging/Src/performance.o
 .comment       0x000000000000007b       0x7c System/Runtime/Src/os_starter.o
 .comment       0x000000000000007b       0x7c System/Runtime/Src/t_init.o

.debug_frame    0x0000000000000000     0x19c8
 .debug_frame   0x0000000000000000       0x28 Core/Src/main.o
 .debug_frame   0x0000000000000028       0x28 Core/Src/stm32f4xx_hal_msp.o
 .debug_frame   0x0000000000000050       0x70 Core/Src/stm32f4xx_it.o
 .debug_frame   0x00000000000000c0       0x30 Core/Src/system_stm32f4xx.o
 .debug_frame   0x00000000000000f0      0x1ec Drivers/STM32F4xx_HAL_Driver/Src/stm32f4xx_hal.o
 .debug_frame   0x00000000000002dc      0x15c Drivers/STM32F4xx_HAL_Driver/Src/stm32f4xx_hal_cortex.o
 .debug_frame   0x0000000000000438      0xa7c Drivers/STM32F4xx_HAL_Driver/Src/stm32f4xx_hal_tim.o
 .debug_frame   0x0000000000000eb4       0x6c Middlewares/FreeRTOS/Source/list.o
 .debug_frame   0x0000000000000f20      0x5bc Middlewares/FreeRTOS/Source/tasks.o
 .debug_frame   0x00000000000014dc      0x100 Middlewares/FreeRTOS/Source/portable/GCC/ARM_CM4F/port.o
 .debug_frame   0x00000000000015dc       0xac Middlewares/FreeRTOS/Source/portable/MemMang/heap_4.o
 .debug_frame   0x0000000000001688       0xd0 System/Debugging/Src/performance.o
 .debug_frame   0x0000000000001758       0x50 System/Runtime/Src/os_starter.o
 .debug_frame   0x00000000000017a8       0x40 System/Runtime/Src/t_init.o
 .debug_frame   0x00000000000017e8       0x2c c:/st/stm32cubeide_1.0.1/stm32cubeide/plugins/com.st.stm32cube.ide.mcu.externaltools.gnu-tools-for-stm32.7-2018-q2-update.win32_1.0.0.201904181610/tools/bin/../lib/gcc/arm-none-eabi/7.3.1/../../../../arm-none-eabi/lib/thumb/v7e-m/fpv4-sp/hard\libc.a(lib_a-init.o)
 .debug_frame   0x0000000000001814       0x20 c:/st/stm32cubeide_1.0.1/stm32cubeide/plugins/com.st.stm32cube.ide.mcu.externaltools.gnu-tools-for-stm32.7-2018-q2-update.win32_1.0.0.201904181610/tools/bin/../lib/gcc/arm-none-eabi/7.3.1/../../../../arm-none-eabi/lib/thumb/v7e-m/fpv4-sp/hard\libc.a(lib_a-memset.o)
 .debug_frame   0x0000000000001834       0x58 c:/st/stm32cubeide_1.0.1/stm32cubeide/plugins/com.st.stm32cube.ide.mcu.externaltools.gnu-tools-for-stm32.7-2018-q2-update.win32_1.0.0.201904181610/tools/bin/../lib/gcc/arm-none-eabi/7.3.1/../../../../arm-none-eabi/lib/thumb/v7e-m/fpv4-sp/hard\libc.a(lib_a-__call_atexit.o)
 .debug_frame   0x000000000000188c       0x20 c:/st/stm32cubeide_1.0.1/stm32cubeide/plugins/com.st.stm32cube.ide.mcu.externaltools.gnu-tools-for-stm32.7-2018-q2-update.win32_1.0.0.201904181610/tools/bin/../lib/gcc/arm-none-eabi/7.3.1/../../../../arm-none-eabi/lib/thumb/v7e-m/fpv4-sp/hard\libc.a(lib_a-atexit.o)
 .debug_frame   0x00000000000018ac       0x38 c:/st/stm32cubeide_1.0.1/stm32cubeide/plugins/com.st.stm32cube.ide.mcu.externaltools.gnu-tools-for-stm32.7-2018-q2-update.win32_1.0.0.201904181610/tools/bin/../lib/gcc/arm-none-eabi/7.3.1/../../../../arm-none-eabi/lib/thumb/v7e-m/fpv4-sp/hard\libc.a(lib_a-fini.o)
 .debug_frame   0x00000000000018e4       0xb0 c:/st/stm32cubeide_1.0.1/stm32cubeide/plugins/com.st.stm32cube.ide.mcu.externaltools.gnu-tools-for-stm32.7-2018-q2-update.win32_1.0.0.201904181610/tools/bin/../lib/gcc/arm-none-eabi/7.3.1/../../../../arm-none-eabi/lib/thumb/v7e-m/fpv4-sp/hard\libc.a(lib_a-lock.o)
 .debug_frame   0x0000000000001994       0x34 c:/st/stm32cubeide_1.0.1/stm32cubeide/plugins/com.st.stm32cube.ide.mcu.externaltools.gnu-tools-for-stm32.7-2018-q2-update.win32_1.0.0.201904181610/tools/bin/../lib/gcc/arm-none-eabi/7.3.1/../../../../arm-none-eabi/lib/thumb/v7e-m/fpv4-sp/hard\libc.a(lib_a-__atexit.o)

.debug_loc      0x0000000000000000     0x6172
 .debug_loc     0x0000000000000000      0x13e Core/Src/system_stm32f4xx.o
 .debug_loc     0x000000000000013e      0x11b Drivers/STM32F4xx_HAL_Driver/Src/stm32f4xx_hal.o
 .debug_loc     0x0000000000000259      0x5ce Drivers/STM32F4xx_HAL_Driver/Src/stm32f4xx_hal_cortex.o
 .debug_loc     0x0000000000000827     0x3888 Drivers/STM32F4xx_HAL_Driver/Src/stm32f4xx_hal_tim.o
 .debug_loc     0x00000000000040af       0x70 Middlewares/FreeRTOS/Source/list.o
 .debug_loc     0x000000000000411f     0x1b96 Middlewares/FreeRTOS/Source/tasks.o
 .debug_loc     0x0000000000005cb5       0xdc Middlewares/FreeRTOS/Source/portable/GCC/ARM_CM4F/port.o
 .debug_loc     0x0000000000005d91      0x2a0 Middlewares/FreeRTOS/Source/portable/MemMang/heap_4.o
 .debug_loc     0x0000000000006031       0xe4 System/Debugging/Src/performance.o
 .debug_loc     0x0000000000006115       0x1f System/Runtime/Src/os_starter.o
 .debug_loc     0x0000000000006134       0x3e System/Runtime/Src/t_init.o
